Info: Starting: Create simulation model
Info: qsys-generate C:\intelFPGA_lite\19.1\effets_audio_sur_FPGA_Projet\CORDIC.qsys --simulation=VHDL --allow-mixed-language-simulation --output-directory=C:\intelFPGA_lite\19.1\effets_audio_sur_FPGA_Projet\CORDIC\simulation --family="Cyclone IV E" --part=EP4CE115F29C7
Progress: Loading effets_audio_sur_FPGA_Projet/CORDIC.qsys
Progress: Reading input file
Progress: Adding CORDIC_0 [altera_CORDIC 19.1]
Progress: Parameterizing module CORDIC_0
Progress: Building connections
Progress: Parameterizing connections
Progress: Validating
Progress: Done reading input file
Info: CORDIC: Generating CORDIC "CORDIC" for SIM_VHDL
Info: CORDIC_0: C:/intelfpga_lite/19.1/quartus/dspba/backend/windows64/cmdPolyEval -target CycloneIVE -frequency 200 -name CORDIC_CORDIC_0 -noChanValid -faithfulRounding -printMachineReadable -lang VHDL -speedgrade 7 FXPVecRotate 17 15 1 15 0
Info: CORDIC_0: Latency on Cyclone IV E is 21 cycles
Info: CORDIC_0: DSP Blocks Used: 0
Info: CORDIC_0: LUTs Used: 3849
Info: CORDIC_0: Memory Bits Used: 0
Info: CORDIC_0: Memory Blocks Used: 0
Info: CORDIC_0: "CORDIC" instantiated altera_CORDIC "CORDIC_0"
Info: CORDIC: Done "CORDIC" with 2 modules, 4 files
Info: qsys-generate succeeded.
Info: Finished: Create simulation model
Info: Starting: Create Modelsim Project.
Info: sim-script-gen --spd=C:\intelFPGA_lite\19.1\effets_audio_sur_FPGA_Projet\CORDIC\CORDIC.spd --output-directory=C:/intelFPGA_lite/19.1/effets_audio_sur_FPGA_Projet/CORDIC/simulation/ --use-relative-paths=true
Info: Doing: ip-make-simscript --spd=C:\intelFPGA_lite\19.1\effets_audio_sur_FPGA_Projet\CORDIC\CORDIC.spd --output-directory=C:/intelFPGA_lite/19.1/effets_audio_sur_FPGA_Projet/CORDIC/simulation/ --use-relative-paths=true
Info: Generating the following file(s) for MODELSIM simulator in C:/intelFPGA_lite/19.1/effets_audio_sur_FPGA_Projet/CORDIC/simulation/ directory:
Info: 	mentor/msim_setup.tcl
Info: Skipping VCS script generation since VHDL file $QUARTUS_INSTALL_DIR/eda/sim_lib/altera_syn_attributes.vhd is required for simulation
Info: Generating the following file(s) for VCSMX simulator in C:/intelFPGA_lite/19.1/effets_audio_sur_FPGA_Projet/CORDIC/simulation/ directory:
Info: 	synopsys/vcsmx/synopsys_sim.setup
Info: 	synopsys/vcsmx/vcsmx_setup.sh
Info: Generating the following file(s) for NCSIM simulator in C:/intelFPGA_lite/19.1/effets_audio_sur_FPGA_Projet/CORDIC/simulation/ directory:
Info: 	cadence/cds.lib
Info: 	cadence/hdl.var
Info: 	cadence/ncsim_setup.sh
Info: 	1 .cds.lib files in cadence/cds_libs/ directory
Info: Generating the following file(s) for RIVIERA simulator in C:/intelFPGA_lite/19.1/effets_audio_sur_FPGA_Projet/CORDIC/simulation/ directory:
Info: 	aldec/rivierapro_setup.tcl
Info: For information on how to simulate your IP, see the explanatory comments in the simulator-specific subdirectories under C:/intelFPGA_lite/19.1/effets_audio_sur_FPGA_Projet/CORDIC/simulation/.
Info: Regenerate these scripts whenever you make any change to any Quartus-generated IP in your project.
Info: Finished: Create Modelsim Project.
Info: Starting: Create block symbol file (.bsf)
Info: qsys-generate C:\intelFPGA_lite\19.1\effets_audio_sur_FPGA_Projet\CORDIC.qsys --block-symbol-file --output-directory=C:\intelFPGA_lite\19.1\effets_audio_sur_FPGA_Projet\CORDIC --family="Cyclone IV E" --part=EP4CE115F29C7
Progress: Loading effets_audio_sur_FPGA_Projet/CORDIC.qsys
Progress: Reading input file
Progress: Adding CORDIC_0 [altera_CORDIC 19.1]
Progress: Parameterizing module CORDIC_0
Progress: Building connections
Progress: Parameterizing connections
Progress: Validating
Progress: Done reading input file
Info: qsys-generate succeeded.
Info: Finished: Create block symbol file (.bsf)
Info: 
Info: Starting: Create HDL design files for synthesis
Info: qsys-generate C:\intelFPGA_lite\19.1\effets_audio_sur_FPGA_Projet\CORDIC.qsys --synthesis=VHDL --greybox --output-directory=C:\intelFPGA_lite\19.1\effets_audio_sur_FPGA_Projet\CORDIC\synthesis --family="Cyclone IV E" --part=EP4CE115F29C7
Progress: Loading effets_audio_sur_FPGA_Projet/CORDIC.qsys
Progress: Reading input file
Progress: Adding CORDIC_0 [altera_CORDIC 19.1]
Progress: Parameterizing module CORDIC_0
Progress: Building connections
Progress: Parameterizing connections
Progress: Validating
Progress: Done reading input file
Info: CORDIC: Generating CORDIC "CORDIC" for QUARTUS_SYNTH
Info: CORDIC_0: C:/intelfpga_lite/19.1/quartus/dspba/backend/windows64/cmdPolyEval -target CycloneIVE -frequency 200 -name CORDIC_CORDIC_0 -noChanValid -faithfulRounding -printMachineReadable -lang VHDL -speedgrade 7 FXPVecRotate 17 15 1 15 0
Info: CORDIC_0: Latency on Cyclone IV E is 21 cycles
Info: CORDIC_0: DSP Blocks Used: 0
Info: CORDIC_0: LUTs Used: 3849
Info: CORDIC_0: Memory Bits Used: 0
Info: CORDIC_0: Memory Blocks Used: 0
Info: CORDIC_0: "CORDIC" instantiated altera_CORDIC "CORDIC_0"
Info: CORDIC: Done "CORDIC" with 2 modules, 4 files
Info: Generating third-party timing and resource estimation model ...
Info: Done generating third-party timing and resource estimation model.
Info: qsys-generate succeeded.
Info: Finished: Create HDL design files for synthesis
